
> dmgctrl@0.0.0 test
> vitest run

node.exe : [2m00:06:54[22m [33m[1m[vite][22m[39m [33mwarning: `esbuild` option was specified by "vite:react-babel" 
plugin. This option is deprecated, please use `oxc` instead.[39m
At line:1 char:1
+ & "C:\Program Files\nodejs/node.exe" "C:\Program Files\nodejs/node_mo ...
+ ~~~~~~~~~~~~~~~~~~~~~~~~~~~~~~~~~~~~~~~~~~~~~~~~~~~~~~~~~~~~~~~~~~~~~
    + CategoryInfo          : NotSpecified: ([2m00:06:54[2...` instead.[39m:String) [], RemoteException
    + FullyQualifiedErrorId : NativeCommandError
 
`optimizeDeps.rollupOptions` / `ssr.optimizeDeps.rollupOptions` is deprecated. Use `optimizeDeps.rolldownOptions` instead. Note 
that this option may be set by a plugin. Set VITE_DEPRECATION_TRACE=1 to see where it is called.
[33mBoth esbuild and oxc options were set. oxc options will be used and esbuild options will be ignored.[39m The following 
esbuild options were set: `{ jsx: 'automatic', jsxImportSource: undefined }`
[vite:react-babel] We recommend switching to `@vitejs/plugin-react-oxc` for improved performance. More information at 
https://vite.dev/rolldown

[1m[30m[46m RUN [49m[39m[22m [36mv4.1.4 [39m[90mC:/Users/thomp/dmgCtrl[39m

[90mstderr[2m | src/test/swuSetupScreen.test.tsx[2m > [22m[2mSwuSetupScreen[2m > [22m[2mRenders the Select Base heading
[22m[39mWarning: An update to SwuSetupScreen inside a test was not wrapped in act(...).

When testing, code that causes React state updates should be wrapped into act(...):

act(() => {
  /* fire events that update state */
});
/* assert on the output */

This ensures that you're testing the behavior the user would see in the browser. Learn more at 
https://reactjs.org/link/wrap-tests-with-act
    at SwuSetupScreen (C:/Users/thomp/dmgCtrl/src/components/swuSetupScreen.tsx:81:27)
Warning: An update to SwuSetupScreen inside a test was not wrapped in act(...).

When testing, code that causes React state updates should be wrapped into act(...):

act(() => {
  /* fire events that update state */
});
/* assert on the output */

This ensures that you're testing the behavior the user would see in the browser. Learn more at 
https://reactjs.org/link/wrap-tests-with-act
    at SwuSetupScreen (C:/Users/thomp/dmgCtrl/src/components/swuSetupScreen.tsx:81:27)

[90mstderr[2m | src/test/App.test.tsx[2m > [22m[2mApp[2m > [22m[2mRenders the setup screen on load
[22m[39mWarning: An update to SwuSetupScreen inside a test was not wrapped in act(...).

When testing, code that causes React state updates should be wrapped into act(...):

act(() => {
  /* fire events that update state */
});
/* assert on the output */

This ensures that you're testing the behavior the user would see in the browser. Learn more at 
https://reactjs.org/link/wrap-tests-with-act
    at SwuSetupScreen (C:/Users/thomp/dmgCtrl/src/components/swuSetupScreen.tsx:81:27)
    at App (C:/Users/thomp/dmgCtrl/src/App.tsx:12:64)
Warning: An update to SwuSetupScreen inside a test was not wrapped in act(...).

When testing, code that causes React state updates should be wrapped into act(...):

act(() => {
  /* fire events that update state */
});
/* assert on the output */

This ensures that you're testing the behavior the user would see in the browser. Learn more at 
https://reactjs.org/link/wrap-tests-with-act
    at SwuSetupScreen (C:/Users/thomp/dmgCtrl/src/components/swuSetupScreen.tsx:81:27)
    at App (C:/Users/thomp/dmgCtrl/src/App.tsx:12:64)

[90mstderr[2m | src/test/swuSetupScreen.test.tsx[2m > [22m[2mSwuSetupScreen[2m > [22m[2mShows loading state initially
[22m[39mWarning: An update to SwuSetupScreen inside a test was not wrapped in act(...).

When testing, code that causes React state updates should be wrapped into act(...):

act(() => {
  /* fire events that update state */
});
/* assert on the output */

This ensures that you're testing the behavior the user would see in the browser. Learn more at 
https://reactjs.org/link/wrap-tests-with-act
    at SwuSetupScreen (C:/Users/thomp/dmgCtrl/src/components/swuSetupScreen.tsx:81:27)
Warning: An update to SwuSetupScreen inside a test was not wrapped in act(...).

When testing, code that causes React state updates should be wrapped into act(...):

act(() => {
  /* fire events that update state */
});
/* assert on the output */

This ensures that you're testing the behavior the user would see in the browser. Learn more at 
https://reactjs.org/link/wrap-tests-with-act
    at SwuSetupScreen (C:/Users/thomp/dmgCtrl/src/components/swuSetupScreen.tsx:81:27)

[90mstderr[2m | src/test/App.test.tsx[2m > [22m[2mApp[2m > [22m[2mDoes not render the game screen on load
[22m[39mWarning: An update to SwuSetupScreen inside a test was not wrapped in act(...).

When testing, code that causes React state updates should be wrapped into act(...):

act(() => {
  /* fire events that update state */
});
/* assert on the output */

This ensures that you're testing the behavior the user would see in the browser. Learn more at 
https://reactjs.org/link/wrap-tests-with-act
    at SwuSetupScreen (C:/Users/thomp/dmgCtrl/src/components/swuSetupScreen.tsx:81:27)
    at App (C:/Users/thomp/dmgCtrl/src/App.tsx:12:64)
Warning: An update to SwuSetupScreen inside a test was not wrapped in act(...).

When testing, code that causes React state updates should be wrapped into act(...):

act(() => {
  /* fire events that update state */
});
/* assert on the output */

This ensures that you're testing the behavior the user would see in the browser. Learn more at 
https://reactjs.org/link/wrap-tests-with-act
    at SwuSetupScreen (C:/Users/thomp/dmgCtrl/src/components/swuSetupScreen.tsx:81:27)
    at App (C:/Users/thomp/dmgCtrl/src/App.tsx:12:64)

[90mstderr[2m | src/test/App.test.tsx[2m > [22m[2mApp[2m > [22m[2mSetup screen does not show game screen elements on load
[22m[39mWarning: An update to SwuSetupScreen inside a test was not wrapped in act(...).

When testing, code that causes React state updates should be wrapped into act(...):

act(() => {
  /* fire events that update state */
});
/* assert on the output */

This ensures that you're testing the behavior the user would see in the browser. Learn more at 
https://reactjs.org/link/wrap-tests-with-act
    at SwuSetupScreen (C:/Users/thomp/dmgCtrl/src/components/swuSetupScreen.tsx:81:27)
    at App (C:/Users/thomp/dmgCtrl/src/App.tsx:12:64)
Warning: An update to SwuSetupScreen inside a test was not wrapped in act(...).

When testing, code that causes React state updates should be wrapped into act(...):

act(() => {
  /* fire events that update state */
});
/* assert on the output */

This ensures that you're testing the behavior the user would see in the browser. Learn more at 
https://reactjs.org/link/wrap-tests-with-act
    at SwuSetupScreen (C:/Users/thomp/dmgCtrl/src/components/swuSetupScreen.tsx:81:27)
    at App (C:/Users/thomp/dmgCtrl/src/App.tsx:12:64)

 [32mΓ£ô[39m src/test/swuGameScreen.test.tsx [2m([22m[2m19 tests[22m[2m)[22m[33m 1331[2mms[22m[39m
 [31mΓ¥»[39m src/test/App.test.tsx [2m([22m[2m7 tests[22m[2m | [22m[31m4 failed[39m[2m)[22m[33m 4266[2mms[22m[39m
     [32mΓ£ô[39m Renders the setup screen on load[32m 181[2mms[22m[39m
     [32mΓ£ô[39m Does not render the game screen on load[32m 9[2mms[22m[39m
     [32mΓ£ô[39m Setup screen does not show game screen elements on load[32m 8[2mms[22m[39m
[31m     [31m├ù[31m Navigates to game screen after selecting a base[39m[33m 1022[2mms[22m[39m
[31m     [31m├ù[31m Game screen reflects the selected base health[39m[33m 1014[2mms[22m[39m
[31m     [31m├ù[31m Does not navigate to game screen if no base is selected[39m[33m 1015[2mms[22m[39m
[31m     [31m├ù[31m Clicking back from game screen returns to setup screen[39m[33m 1014[2mms[22m[39m
[90mstderr[2m | src/test/swuSetupScreen.test.tsx[2m > [22m[2mSwuSetupScreen[2m > [22m[2mShows fallback text when base 
image fails to load
[22m[39mWarning: An update to ImageFallbackText inside a test was not wrapped in act(...).

When testing, code that causes React state updates should be wrapped into act(...):

act(() => {
  /* fire events that update state */
});
/* assert on the output */

This ensures that you're testing the behavior the user would see in the browser. Learn more at 
https://reactjs.org/link/wrap-tests-with-act
    at ImageFallbackText (C:/Users/thomp/dmgCtrl/src/components/swuSetupScreen.tsx:17:30)
    at div
    at div
    at div
    at SwuSetupScreen (C:/Users/thomp/dmgCtrl/src/components/swuSetupScreen.tsx:81:27)

[90mstderr[2m | src/test/swuSetupScreen.test.tsx[2m > [22m[2mSwuSetupScreen[2m > [22m[2mShows epic action in fallback 
when image fails
[22m[39mWarning: An update to ImageFallbackText inside a test was not wrapped in act(...).

When testing, code that causes React state updates should be wrapped into act(...):

act(() => {
  /* fire events that update state */
});
/* assert on the output */

This ensures that you're testing the behavior the user would see in the browser. Learn more at 
https://reactjs.org/link/wrap-tests-with-act
    at ImageFallbackText (C:/Users/thomp/dmgCtrl/src/components/swuSetupScreen.tsx:17:30)
    at div
    at div
    at div
    at SwuSetupScreen (C:/Users/thomp/dmgCtrl/src/components/swuSetupScreen.tsx:81:27)

 [31mΓ¥»[39m src/test/swuSetupScreen.test.tsx [2m([22m[2m26 tests[22m[2m | [22m[31m1 failed[39m[2m)[22m[33m 4670[2mms[22m[39m
     [32mΓ£ô[39m Renders the Select Base heading[32m 179[2mms[22m[39m
     [32mΓ£ô[39m Shows loading state initially[32m 8[2mms[22m[39m
     [32mΓ£ô[39m Shows three selectors after loading[32m 175[2mms[22m[39m
     [32mΓ£ô[39m Renders Set and Aspect labels[32m 72[2mms[22m[39m
     [32mΓ£ô[39m Set selector contains all available sets[32m 57[2mms[22m[39m
     [32mΓ£ô[39m Aspect selector is disabled before set is selected[32m 60[2mms[22m[39m
     [32mΓ£ô[39m Base selector is disabled before aspect is selected[32m 48[2mms[22m[39m
     [32mΓ£ô[39m Submit button is disabled before base is selected[32m 37[2mms[22m[39m
     [32mΓ£ô[39m Aspect selector enables after set is selected[32m 142[2mms[22m[39m
     [32mΓ£ô[39m Aspect selector shows correct aspects for selected set[32m 130[2mms[22m[39m
     [32mΓ£ô[39m JTL aspect selector includes None for aspectless bases[32m 121[2mms[22m[39m
     [32mΓ£ô[39m Auto-selects aspect when only one option available[32m 126[2mms[22m[39m
     [32mΓ£ô[39m Auto-selects base when only one option available[32m 137[2mms[22m[39m
     [32mΓ£ô[39m Base selector enables after aspect is selected[32m 212[2mms[22m[39m
     [32mΓ£ô[39m Base selector shows only bases matching set and aspect[32m 220[2mms[22m[39m
[31m     [31m├ù[31m Changing set resets aspect and base selections[39m[33m 303[2mms[22m[39m
     [33m[2mΓ£ô[22m[39m Changing aspect resets base selection [33m 359[2mms[22m[39m
     [33m[2mΓ£ô[22m[39m Submit button enables after base is selected [33m 314[2mms[22m[39m
     [33m[2mΓ£ô[22m[39m Calls onConfirm with correct base when submitted [33m 344[2mms[22m[39m
     [32mΓ£ô[39m Does not call onConfirm when no base selected[32m 108[2mms[22m[39m
     [33m[2mΓ£ô[22m[39m Calls onConfirm with correct hp for non-default base [33m 358[2mms[22m[39m
     [32mΓ£ô[39m Auto-selected base can be submitted without manual selection[32m 188[2mms[22m[39m
     [33m[2mΓ£ô[22m[39m Shows base preview image after base is selected [33m 311[2mms[22m[39m
     [33m[2mΓ£ô[22m[39m Shows fallback text when base image fails to load [33m 311[2mms[22m[39m
     [33m[2mΓ£ô[22m[39m Shows epic action in fallback when image fails [33m 311[2mms[22m[39m
     [32mΓ£ô[39m Does not show base preview before base is selected[32m 33[2mms[22m[39m

[31mΓÄ»ΓÄ»ΓÄ»ΓÄ»ΓÄ»ΓÄ»ΓÄ»[39m[1m[41m Failed Tests 5 [49m[22m[31mΓÄ»ΓÄ»ΓÄ»ΓÄ»ΓÄ»ΓÄ»ΓÄ»[39m

[41m[1m FAIL [22m[49m src/test/App.test.tsx[2m > [22mApp[2m > [22mNavigates to game screen after selecting a base
[31m[1mTestingLibraryElementError[22m[39m: Found multiple elements with the role "combobox"

Here are the matching elements:

Ignored nodes: comments, script, style
[36m<select[39m
  [33mstyle[39m=[32m"flex: 1 1 0%; padding: 1.5vh 2vw; font-weight: 300; background: transparent; border: 2px solid rgb(79, 
195, 247); border-radius: 12px; color: rgb(107, 114, 128); outline: none; box-sizing: border-box; box-shadow: 0 0 12px rgba(79, 
195, 247, 0.3); -webkit-appearance: none; cursor: pointer; opacity: 1; width: 100%;"[39m
[36m>[39m
  [36m<option[39m
    [33mdisabled[39m=[32m""[39m
    [33mstyle[39m=[32m"color: rgb(107, 114, 128); background: rgb(10, 14, 26);"[39m
    [33mvalue[39m=[32m""[39m
  [36m>[39m
    [0mSet[0m
  [36m</option>[39m
  [36m<option[39m
    [33mstyle[39m=[32m"color: rgb(255, 255, 255); background: rgb(10, 14, 26);"[39m
    [33mvalue[39m=[32m"SOR"[39m
  [36m>[39m
    [0mSOR[0m
  [36m</option>[39m
[36m</select>[39m

Ignored nodes: comments, script, style
[36m<select[39m
  [33mdisabled[39m=[32m""[39m
  [33mstyle[39m=[32m"flex: 1 1 0%; padding: 1.5vh 2vw; font-weight: 300; background: transparent; border: 2px solid rgb(79, 
195, 247); border-radius: 12px; color: rgb(107, 114, 128); outline: none; box-sizing: border-box; box-shadow: 0 0 12px rgba(79, 
195, 247, 0.3); -webkit-appearance: none; cursor: not-allowed; opacity: 0.4; width: 100%;"[39m
[36m>[39m
  [36m<option[39m
    [33mdisabled[39m=[32m""[39m
    [33mstyle[39m=[32m"color: rgb(107, 114, 128); background: rgb(10, 14, 26);"[39m
    [33mvalue[39m=[32m""[39m
  [36m>[39m
    [0mAspect[0m
  [36m</option>[39m
[36m</select>[39m

Ignored nodes: comments, script, style
[36m<select[39m
  [33mdisabled[39m=[32m""[39m
  [33mstyle[39m=[32m"flex: 1 1 0%; padding: 1.5vh 2vw; font-weight: 300; background: transparent; border: 2px solid rgb(79, 
195, 247); border-radius: 12px; color: rgb(107, 114, 128); outline: none; box-sizing: border-box; box-shadow: 0 0 12px rgba(79, 
195, 247, 0.3); -webkit-appearance: none; cursor: not-allowed; opacity: 0.4; width: 100%;"[39m
[36m>[39m
  [36m<option[39m
    [33mdisabled[39m=[32m""[39m
    [33mstyle[39m=[32m"color: rgb(107, 114, 128); background: rgb(10, 14, 26);"[39m
    [33mvalue[39m=[32m""[39m
  [36m>[39m
    [0mBase[0m
  [36m</option>[39m
[36m</select>[39m

(If this is intentional, then use the `*AllBy*` variant of the query (like `queryAllByText`, `getAllByText`, or 
`findAllByText`)).

Ignored nodes: comments, script, style
[36m<body>[39m
  [36m<div>[39m
    [36m<div[39m
      [33mstyle[39m=[32m"width: 100vw; height: 100vh; background: radial-gradient(at 20% 50%, rgb(13, 27, 42) 0%, rgb(10, 14, 
26) 60%, rgb(0, 5, 16) 100%); display: flex; flex-direction: column; overflow: hidden; touch-action: none; font-family: \"Segoe 
UI\", system-ui, sans-serif; position: fixed; top: 0px; left: 0px; right: 0px; bottom: 0px; box-sizing: border-box;"[39m
    [36m>[39m
      [36m<div[39m
        [33mstyle[39m=[32m"position: absolute; inset: 0px; background-image: radial-gradient(1px 1px at 10% 20%, rgba(255, 
255, 255, 0.6) 0%, transparent 100%), radial-gradient(1px 1px at 25% 75%, rgba(255, 255, 255, 0.4) 0%, transparent 100%), 
radial-gradient(1px 1px at 40% 35%, rgba(255, 255, 255, 0.7) 0%, transparent 100%), radial-gradient(1px 1px at 55% 60%, 
rgba(255, 255, 255, 0.3) 0%, transparent 100%), radial-gradient(1px 1px at 65% 15%, rgba(255, 255, 255, 0.5) 0%, transparent 
100%), radial-gradient(1px 1px at 75% 85%, rgba(255, 255, 255, 0.6) 0%, transparent 100%), radial-gradient(1px 1px at 85% 40%, 
rgba(255, 255, 255, 0.4) 0%, transparent 100%), radial-gradient(1px 1px at 90% 70%, rgba(255, 255, 255, 0.5) 0%, transparent 
100%), radial-gradient(1px 1px at 15% 90%, rgba(255, 255, 255, 0.3) 0%, transparent 100%), radial-gradient(1px 1px at 50% 10%, 
rgba(255, 255, 255, 0.6) 0%, transparent 100%), radial-gradient(2px 2px at 30% 50%, rgba(255, 255, 255, 0.2) 0%, transparent 
100%), radial-gradient(2px 2px at 70% 30%, rgba(255, 255, 255, 0.15) 0%, transparent 100%); pointer-events: none; z-index: 
0;"[39m
      [36m/>[39m
      [36m<div[39m
        [33mstyle[39m=[32m"position: relative; z-index: 1; display: flex; flex-direction: column; padding: 5vw; gap: 2vh; 
overflow-y: auto; flex: 1 1 0%;"[39m
      [36m>[39m
        [36m<h1[39m
          [33mstyle[39m=[32m"color: rgb(255, 255, 255); font-weight: 300; letter-spacing: 0.1em; margin: 0px;"[39m
        [36m>[39m
          [0mSelect Base[0m
        [36m</h1>[39m
        [36m<div[39m
          [33mstyle[39m=[32m"width: 100%; display: flex; flex-direction: row; gap: 2vw; align-items: flex-end;"[39m
        [36m>[39m
          [36m<div[39m
            [33mstyle[39m=[32m"flex: 1 1 0%; display: flex; flex-direction: row; align-items: center; gap: 1vw;"[39m
          [36m>[39m
            [36m<label[39m
              [33mstyle[39m=[32m"color: rgb(168, 168, 179); font-weight: 300; letter-spacing: 0.08em; white-space: nowrap; 
flex-shrink: 0;"[39m
            [36m>[39m
              [0mSet[0m
            [36m</label>[39m
            [36m<select[39m
              [33mstyle[39m=[32m"flex: 1 1 0%; padding: 1.5vh 2vw; font-weight: 300; background: transparent; border: 2px 
solid rgb(79, 195, 247); border-radius: 12px; color: rgb(107, 114, 128); outline: none; box-sizing: border-box; box-shadow: 0 0 
12px rgba(79, 195, 247, 0.3); -webkit-appearance: none; cursor: pointer; opacity: 1; width: 100%;"[39m
            [36m>[39m
              [36m<option[39m
                [33mdisabled[39m=[32m""[39m
                [33mstyle[39m=[32m"color: rgb(107, 114, 128); background: rgb(10, 14, 26);"[39m
                [33mvalue[39m=[32m""[39m
              [36m>[39m
                [0mSet[0m
              [36m</option>[39m
              [36m<option[39m
                [33mstyle[39m=[32m"color: rgb(255, 255, 255); background: rgb(10, 14, 26);"[39m
                [33mvalue[39m=[32m"SOR"[39m
              [36m>[39m
                [0mSOR[0m
              [36m</option>[39m
            [36m</select>[39m
          [36m</div>[39m
          [36m<div[39m
            [33mstyle[39m=[32m"flex: 2 1 0%; display: flex; flex-direction: row; align-items: center; gap: 1vw;"[39m
          [36m>[39m
            [36m<label[39m
              [33mstyle[39m=[32m"color: rgb(168, 168, 179); font-weight: 300; letter-spacing: 0.08em; white-space: nowrap; 
flex-shrink: 0;"[39m
            [36m>[39m
              [0mAspect[0m
            [36m</label>[39m
            [36m<select[39m
              [33mdisabled[39m=[32m""[39m
              [33mstyle[39m=[32m"flex: 1 1 0%; padding: 1.5vh 2vw; font-weight: 300; background: transparent; border: 2px 
solid rgb(79, 195, 247); border-radius: 12px; color: rgb(107, 114, 128); outline: none; box-sizing: border-box; box-shadow: 0 0 
12px rgba(79, 195, 247, 0.3); -webkit-appearance: none; cursor: not-allowed; opacity: 0.4; width: 100%;"[39m
            [36m>[39m
              [36m<option[39m
                [33mdisabled[39m=[32m""[39m
                [33mstyle[39m=[32m"color: rgb(107, 114, 128); background: rgb(10, 14, 26);"[39m
                [33mvalue[39m=[32m""[39m
              [36m>[39m
                [0mAspect[0m
              [36m</option>[39m
            [36m</select>[39m
          [36m</div>[39m
        [36m</div>[39m
        [36m<div[39m
          [33mstyle[39m=[32m"width: 100%; display: flex; flex-direction: row; align-items: stretch; gap: 2vw;"[39m
        [36m>[39m
          [36m<select[39m
            [33mdisabled[39m=[32m""[39m
            [33mstyle[39m=[32m"flex: 1 1 0%; padding: 1.5vh 2vw; font-weight: 300; background: transparent; border: 2px solid 
rgb(79, 195, 247); border-radius: 12px; color: rgb(107, 114, 128); outline: none; box-sizing: border-box; box-shadow: 0 0 12px 
rgba(79, 195, 247, 0.3); -webkit-appearance: none; cursor: not-allowed; opacity: 0.4; width: 100%;"[39m
          [36m>[39m
            [36m<option[39m
              [33mdisabled[39m=[32m""[39m
              [33mstyle[39m=[32m"color: rgb(107, 114, 128); background: rgb(10, 14, 26);"[39m
              [33mvalue[39m=[32m""[39m
            [36m>[39m
              [0mBase[0m
            [36m</option>[39m
          [36m</select>[39m
          [36m<button[39m
            [33mdisabled[39m=[32m""[39m
            [33mstyle[39m=[32m"width: 12vw; height: 12vw; min-width: 44px; min-height: 44px; flex-shrink: 0; padding: 0px; 
font-weight: 300; background: transparent; color: rgb(255, 255, 255); border: 2px solid rgb(255, 255, 255); border-radius: 12px; 
cursor: not-allowed; box-shadow: 0 0 12px rgba(255, 255, 255, 0.2); display: flex; align-items: center; justify-content: center; 
opacity: 0.4;"[39m
          [36m>[39m
            [0m&gt;[0m
          [36m</button>[39m
        [36m</div>[39m
      [36m</div>[39m
    [36m</div>[39m
  [36m</div>[39m
[36m</body>[39m

Ignored nodes: comments, script, style
[36m<html>[39m
  [36m<head />[39m
  [36m<body>[39m
    [36m<div>[39m
      [36m<div[39m
        [33mstyle[39m=[32m"width: 100vw; height: 100vh; background: radial-gradient(at 20% 50%, rgb(13, 27, 42) 0%, rgb(10, 
14, 26) 60%, rgb(0, 5, 16) 100%); display: flex; flex-direction: column; overflow: hidden; touch-action: none; font-family: 
\"Segoe UI\", system-ui, sans-serif; position: fixed; top: 0px; left: 0px; right: 0px; bottom: 0px; box-sizing: border-box;"[39m
      [36m>[39m
        [36m<div[39m
          [33mstyle[39m=[32m"position: absolute; inset: 0px; background-image: radial-gradient(1px 1px at 10% 20%, rgba(255, 
255, 255, 0.6) 0%, transparent 100%), radial-gradient(1px 1px at 25% 75%, rgba(255, 255, 255, 0.4) 0%, transparent 100%), 
radial-gradient(1px 1px at 40% 35%, rgba(255, 255, 255, 0.7) 0%, transparent 100%), radial-gradient(1px 1px at 55% 60%, 
rgba(255, 255, 255, 0.3) 0%, transparent 100%), radial-gradient(1px 1px at 65% 15%, rgba(255, 255, 255, 0.5) 0%, transparent 
100%), radial-gradient(1px 1px at 75% 85%, rgba(255, 255, 255, 0.6) 0%, transparent 100%), radial-gradient(1px 1px at 85% 40%, 
rgba(255, 255, 255, 0.4) 0%, transparent 100%), radial-gradient(1px 1px at 90% 70%, rgba(255, 255, 255, 0.5) 0%, transparent 
100%), radial-gradient(1px 1px at 15% 90%, rgba(255, 255, 255, 0.3) 0%, transparent 100%), radial-gradient(1px 1px at 50% 10%, 
rgba(255, 255, 255, 0.6) 0%, transparent 100%), radial-gradient(2px 2px at 30% 50%, rgba(255, 255, 255, 0.2) 0%, transparent 
100%), radial-gradient(2px 2px at 70% 30%, rgba(255, 255, 255, 0.15) 0%, transparent 100%); pointer-events: none; z-index: 
0;"[39m
        [36m/>[39m
        [36m<div[39m
          [33mstyle[39m=[32m"position: relative; z-index: 1; display: flex; flex-direction: column; padding: 5vw; gap: 2vh; 
overflow-y: auto; flex: 1 1 0%;"[39m
        [36m>[39m
          [36m<h1[39m
            [33mstyle[39m=[32m"color: rgb(255, 255, 255); font-weight: 300; letter-spacing: 0.1em; margin: 0px;"[39m
          [36m>[39m
            [0mSelect Base[0m
          [36m</h1>[39m
          [36m<div[39m
            [33mstyle[39m=[32m"width: 100%; display: flex; flex-direction: row; gap: 2vw; align-items: flex-end;"[39m
          [36m>[39m
            [36m<div[39m
              [33mstyle[39m=[32m"flex: 1 1 0%; display: flex; flex-direction: row; align-items: center; gap: 1vw;"[39m
            [36m>[39m
              [36m<label[39m
                [33mstyle[39m=[32m"color: rgb(168, 168, 179); font-weight: 300; letter-spacing: 0.08em; white-space: nowrap; 
flex-shrink: 0;"[39m
              [36m>[39m
                [0mSet[0m
              [36m</label>[39m
              [36m<select[39m
                [33mstyle[39m=[32m"flex: 1 1 0%; padding: 1.5vh 2vw; font-weight: 300; background: transparent; border: 2px 
solid rgb(79, 195, 247); border-radius: 12px; color: rgb(107, 114, 128); outline: none; box-sizing: border-box; box-shadow: 0 0 
12px rgba(79, 195, 247, 0.3); -webkit-appearance: none; cursor: pointer; opacity: 1; width: 100%;"[39m
              [36m>[39m
                [36m<option[39m
                  [33mdisabled[39m=[32m""[39m
                  [33mstyle[39m=[32m"color: rgb(107, 114, 128); background: rgb(10, 14, 26);"[39m
                  [33mvalue[39m=[32m""[39m
                [36m>[39m
                  [0mSet[0m
                [36m</option>[39m
                [36m<option[39m
                  [33mstyle[39m=[32m"color: rgb(255, 255, 255); background: rgb(10, 14, 26);"[39m
                  [33mvalue[39m=[32m"SOR"[39m
                [36m>[39m
                  [0mSOR[0m
                [36m</option>[39m
              [36m</select>[39m
            [36m</div>[39m
            [36m<div[39m
              [33mstyle[39m=[32m"flex: 2 1 0%; display: flex; flex-direction: row; align-items: center; gap: 1vw;"[39m
            [36m>[39m
              [36m<label[39m
                [33mstyle[39m=[32m"color: rgb(168, 168, 179); font-weight: 300; letter-spacing: 0.08em; white-space: nowrap; 
flex-shrink: 0;"[39m
              [36m>[39m
                [0mAspect[0m
              [36m</label>[39m
              [36m<select[39m
                [33mdisabled[39m=[32m""[39m
                [33mstyle[39m=[32m"flex: 1 1 0%; padding: 1.5vh 2vw; font-weight: 300; background: transparent; border: 2px 
solid rgb(79, 195, 247); border-radius: 12px; color: rgb(107, 114, 128); outline: none; box-sizing: border-box; box-shadow: 0 0 
12px rgba(79, 195, 247, 0.3); -webkit-appearance: none; cursor: not-allowed; opacity: 0.4; width: 100%;"[39m
              [36m>[39m
                [36m<option[39m
                  [33mdisabled[39m=[32m""[39m
                  [33mstyle[39m=[32m"color: rgb(107, 114, 128); background: rgb(10, 14, 26);"[39m
                  [33mvalue[39m=[32m""[39m
                [36m>[39m
                  [0mAspect[0m
                [36m</option>[39m
              [36m</select>[39m
            [36m</div>[39m
          [36m</div>[39m
          [36m<div[39m
            [33mstyle[39m=[32m"width: 100%; display: flex; flex-direction: row; align-items: stretch; gap: 2vw;"[39m
          [36m>[39m
            [36m<select[39m
              [33mdisabled[39m=[32m""[39m
              [33mstyle[39m=[32m"flex: 1 1 0%; padding: 1.5vh 2vw; font-weight: 300; background: transparent; border: 2px 
solid rgb(79, 195, 247); border-radius: 12px; color: rgb(107, 114, 128); outline: none; box-sizing: border-box; box-shadow: 0 0 
12px rgba(79, 195, 247, 0.3); -webkit-appearance: none; cursor: not-allowed; opacity: 0.4; width: 100%;"[39m
            [36m>[39m
              [36m<option[39m
                [33mdisabled[39m=[32m""[39m
                [33mstyle[39m=[32m"color: rgb(107, 114, 128); background: rgb(10, 14, 26);"[39m
                [33mvalue[39m=[32m""[39m
              [36m>[39m
                [0mBase[0m
              [36m</option>[39m
            [36m</select>[39m
            [36m<button[39m
              [33mdisabled[39m=[32m""[39m
              [33mstyle[39m=[32m"width: 12vw; height: 12vw; min-width: 44px; min-height: 44px; flex-shrink: 0; padding: 0px; 
font-weight: 300; background: transparent; color: rgb(255, 255, 255); border: 2px solid rgb(255, 255, 255); border-radius: 12px; 
cursor: not-allowed; box-shadow: 0 0 12px rgba(255, 255, 255, 0.2); display: flex; align-items: center; justify-content: center; 
opacity: 0.4;"[39m
            [36m>[39m
              [0m&gt;[0m
            [36m</button>[39m
          [36m</div>[39m
        [36m</div>[39m
      [36m</div>[39m
    [36m</div>[39m
  [36m</body>[39m
[36m</html>[39m
[90m [2mΓ¥»[22m waitForWrapper node_modules/@testing-library/dom/dist/wait-for.js:[2m163:27[22m[39m
[36m [2mΓ¥»[22m src/test/App.test.tsx:[2m89:11[22m[39m
    [90m 87|[39m     [35mconst[39m user [33m=[39m userEvent[33m.[39m[34msetup[39m()
    [90m 88|[39m     [34mrender[39m([33m<[39m[33mApp[39m [33m/[39m[33m>[39m)
    [90m 89|[39m     await waitFor(() => expect(screen.getByRole('combobox')).toBeInTheΓÇª
    [90m   |[39m           [31m^[39m
    [90m 90|[39m     [35mawait[39m 
user[33m.[39m[34mselectOptions[39m(screen[33m.[39m[34mgetByRole[39m([32m'combobox'[39m)[33m,[39m [32m'SOR-026'[39m)
    [90m 91|[39m     [35mawait[39m user[33m.[39m[34mclick[39m(screen[33m.[39m[34mgetByText[39m([32m'>'[39m))

[31m[2mΓÄ»ΓÄ»ΓÄ»ΓÄ»ΓÄ»ΓÄ»ΓÄ»ΓÄ»ΓÄ»ΓÄ»ΓÄ»ΓÄ»ΓÄ»ΓÄ»ΓÄ»ΓÄ»ΓÄ»ΓÄ»ΓÄ»ΓÄ»ΓÄ»ΓÄ»ΓÄ»ΓÄ»[1/5]ΓÄ»[22m[39m

[41m[1m FAIL [22m[49m src/test/App.test.tsx[2m > [22mApp[2m > [22mGame screen reflects the selected base health
[31m[1mTestingLibraryElementError[22m[39m: Found multiple elements with the role "combobox"

Here are the matching elements:

Ignored nodes: comments, script, style
[36m<select[39m
  [33mstyle[39m=[32m"flex: 1 1 0%; padding: 1.5vh 2vw; font-weight: 300; background: transparent; border: 2px solid rgb(79, 
195, 247); border-radius: 12px; color: rgb(107, 114, 128); outline: none; box-sizing: border-box; box-shadow: 0 0 12px rgba(79, 
195, 247, 0.3); -webkit-appearance: none; cursor: pointer; opacity: 1; width: 100%;"[39m
[36m>[39m
  [36m<option[39m
    [33mdisabled[39m=[32m""[39m
    [33mstyle[39m=[32m"color: rgb(107, 114, 128); background: rgb(10, 14, 26);"[39m
    [33mvalue[39m=[32m""[39m
  [36m>[39m
    [0mSet[0m
  [36m</option>[39m
  [36m<option[39m
    [33mstyle[39m=[32m"color: rgb(255, 255, 255); background: rgb(10, 14, 26);"[39m
    [33mvalue[39m=[32m"SOR"[39m
  [36m>[39m
    [0mSOR[0m
  [36m</option>[39m
[36m</select>[39m

Ignored nodes: comments, script, style
[36m<select[39m
  [33mdisabled[39m=[32m""[39m
  [33mstyle[39m=[32m"flex: 1 1 0%; padding: 1.5vh 2vw; font-weight: 300; background: transparent; border: 2px solid rgb(79, 
195, 247); border-radius: 12px; color: rgb(107, 114, 128); outline: none; box-sizing: border-box; box-shadow: 0 0 12px rgba(79, 
195, 247, 0.3); -webkit-appearance: none; cursor: not-allowed; opacity: 0.4; width: 100%;"[39m
[36m>[39m
  [36m<option[39m
    [33mdisabled[39m=[32m""[39m
    [33mstyle[39m=[32m"color: rgb(107, 114, 128); background: rgb(10, 14, 26);"[39m
    [33mvalue[39m=[32m""[39m
  [36m>[39m
    [0mAspect[0m
  [36m</option>[39m
[36m</select>[39m

Ignored nodes: comments, script, style
[36m<select[39m
  [33mdisabled[39m=[32m""[39m
  [33mstyle[39m=[32m"flex: 1 1 0%; padding: 1.5vh 2vw; font-weight: 300; background: transparent; border: 2px solid rgb(79, 
195, 247); border-radius: 12px; color: rgb(107, 114, 128); outline: none; box-sizing: border-box; box-shadow: 0 0 12px rgba(79, 
195, 247, 0.3); -webkit-appearance: none; cursor: not-allowed; opacity: 0.4; width: 100%;"[39m
[36m>[39m
  [36m<option[39m
    [33mdisabled[39m=[32m""[39m
    [33mstyle[39m=[32m"color: rgb(107, 114, 128); background: rgb(10, 14, 26);"[39m
    [33mvalue[39m=[32m""[39m
  [36m>[39m
    [0mBase[0m
  [36m</option>[39m
[36m</select>[39m

(If this is intentional, then use the `*AllBy*` variant of the query (like `queryAllByText`, `getAllByText`, or 
`findAllByText`)).

Ignored nodes: comments, script, style
[36m<body>[39m
  [36m<div>[39m
    [36m<div[39m
      [33mstyle[39m=[32m"width: 100vw; height: 100vh; background: radial-gradient(at 20% 50%, rgb(13, 27, 42) 0%, rgb(10, 14, 
26) 60%, rgb(0, 5, 16) 100%); display: flex; flex-direction: column; overflow: hidden; touch-action: none; font-family: \"Segoe 
UI\", system-ui, sans-serif; position: fixed; top: 0px; left: 0px; right: 0px; bottom: 0px; box-sizing: border-box;"[39m
    [36m>[39m
      [36m<div[39m
        [33mstyle[39m=[32m"position: absolute; inset: 0px; background-image: radial-gradient(1px 1px at 10% 20%, rgba(255, 
255, 255, 0.6) 0%, transparent 100%), radial-gradient(1px 1px at 25% 75%, rgba(255, 255, 255, 0.4) 0%, transparent 100%), 
radial-gradient(1px 1px at 40% 35%, rgba(255, 255, 255, 0.7) 0%, transparent 100%), radial-gradient(1px 1px at 55% 60%, 
rgba(255, 255, 255, 0.3) 0%, transparent 100%), radial-gradient(1px 1px at 65% 15%, rgba(255, 255, 255, 0.5) 0%, transparent 
100%), radial-gradient(1px 1px at 75% 85%, rgba(255, 255, 255, 0.6) 0%, transparent 100%), radial-gradient(1px 1px at 85% 40%, 
rgba(255, 255, 255, 0.4) 0%, transparent 100%), radial-gradient(1px 1px at 90% 70%, rgba(255, 255, 255, 0.5) 0%, transparent 
100%), radial-gradient(1px 1px at 15% 90%, rgba(255, 255, 255, 0.3) 0%, transparent 100%), radial-gradient(1px 1px at 50% 10%, 
rgba(255, 255, 255, 0.6) 0%, transparent 100%), radial-gradient(2px 2px at 30% 50%, rgba(255, 255, 255, 0.2) 0%, transparent 
100%), radial-gradient(2px 2px at 70% 30%, rgba(255, 255, 255, 0.15) 0%, transparent 100%); pointer-events: none; z-index: 
0;"[39m
      [36m/>[39m
      [36m<div[39m
        [33mstyle[39m=[32m"position: relative; z-index: 1; display: flex; flex-direction: column; padding: 5vw; gap: 2vh; 
overflow-y: auto; flex: 1 1 0%;"[39m
      [36m>[39m
        [36m<h1[39m
          [33mstyle[39m=[32m"color: rgb(255, 255, 255); font-weight: 300; letter-spacing: 0.1em; margin: 0px;"[39m
        [36m>[39m
          [0mSelect Base[0m
        [36m</h1>[39m
        [36m<div[39m
          [33mstyle[39m=[32m"width: 100%; display: flex; flex-direction: row; gap: 2vw; align-items: flex-end;"[39m
        [36m>[39m
          [36m<div[39m
            [33mstyle[39m=[32m"flex: 1 1 0%; display: flex; flex-direction: row; align-items: center; gap: 1vw;"[39m
          [36m>[39m
            [36m<label[39m
              [33mstyle[39m=[32m"color: rgb(168, 168, 179); font-weight: 300; letter-spacing: 0.08em; white-space: nowrap; 
flex-shrink: 0;"[39m
            [36m>[39m
              [0mSet[0m
            [36m</label>[39m
            [36m<select[39m
              [33mstyle[39m=[32m"flex: 1 1 0%; padding: 1.5vh 2vw; font-weight: 300; background: transparent; border: 2px 
solid rgb(79, 195, 247); border-radius: 12px; color: rgb(107, 114, 128); outline: none; box-sizing: border-box; box-shadow: 0 0 
12px rgba(79, 195, 247, 0.3); -webkit-appearance: none; cursor: pointer; opacity: 1; width: 100%;"[39m
            [36m>[39m
              [36m<option[39m
                [33mdisabled[39m=[32m""[39m
                [33mstyle[39m=[32m"color: rgb(107, 114, 128); background: rgb(10, 14, 26);"[39m
                [33mvalue[39m=[32m""[39m
              [36m>[39m
                [0mSet[0m
              [36m</option>[39m
              [36m<option[39m
                [33mstyle[39m=[32m"color: rgb(255, 255, 255); background: rgb(10, 14, 26);"[39m
                [33mvalue[39m=[32m"SOR"[39m
              [36m>[39m
                [0mSOR[0m
              [36m</option>[39m
            [36m</select>[39m
          [36m</div>[39m
          [36m<div[39m
            [33mstyle[39m=[32m"flex: 2 1 0%; display: flex; flex-direction: row; align-items: center; gap: 1vw;"[39m
          [36m>[39m
            [36m<label[39m
              [33mstyle[39m=[32m"color: rgb(168, 168, 179); font-weight: 300; letter-spacing: 0.08em; white-space: nowrap; 
flex-shrink: 0;"[39m
            [36m>[39m
              [0mAspect[0m
            [36m</label>[39m
            [36m<select[39m
              [33mdisabled[39m=[32m""[39m
              [33mstyle[39m=[32m"flex: 1 1 0%; padding: 1.5vh 2vw; font-weight: 300; background: transparent; border: 2px 
solid rgb(79, 195, 247); border-radius: 12px; color: rgb(107, 114, 128); outline: none; box-sizing: border-box; box-shadow: 0 0 
12px rgba(79, 195, 247, 0.3); -webkit-appearance: none; cursor: not-allowed; opacity: 0.4; width: 100%;"[39m
            [36m>[39m
              [36m<option[39m
                [33mdisabled[39m=[32m""[39m
                [33mstyle[39m=[32m"color: rgb(107, 114, 128); background: rgb(10, 14, 26);"[39m
                [33mvalue[39m=[32m""[39m
              [36m>[39m
                [0mAspect[0m
              [36m</option>[39m
            [36m</select>[39m
          [36m</div>[39m
        [36m</div>[39m
        [36m<div[39m
          [33mstyle[39m=[32m"width: 100%; display: flex; flex-direction: row; align-items: stretch; gap: 2vw;"[39m
        [36m>[39m
          [36m<select[39m
            [33mdisabled[39m=[32m""[39m
            [33mstyle[39m=[32m"flex: 1 1 0%; padding: 1.5vh 2vw; font-weight: 300; background: transparent; border: 2px solid 
rgb(79, 195, 247); border-radius: 12px; color: rgb(107, 114, 128); outline: none; box-sizing: border-box; box-shadow: 0 0 12px 
rgba(79, 195, 247, 0.3); -webkit-appearance: none; cursor: not-allowed; opacity: 0.4; width: 100%;"[39m
          [36m>[39m
            [36m<option[39m
              [33mdisabled[39m=[32m""[39m
              [33mstyle[39m=[32m"color: rgb(107, 114, 128); background: rgb(10, 14, 26);"[39m
              [33mvalue[39m=[32m""[39m
            [36m>[39m
              [0mBase[0m
            [36m</option>[39m
          [36m</select>[39m
          [36m<button[39m
            [33mdisabled[39m=[32m""[39m
            [33mstyle[39m=[32m"width: 12vw; height: 12vw; min-width: 44px; min-height: 44px; flex-shrink: 0; padding: 0px; 
font-weight: 300; background: transparent; color: rgb(255, 255, 255); border: 2px solid rgb(255, 255, 255); border-radius: 12px; 
cursor: not-allowed; box-shadow: 0 0 12px rgba(255, 255, 255, 0.2); display: flex; align-items: center; justify-content: center; 
opacity: 0.4;"[39m
          [36m>[39m
            [0m&gt;[0m
          [36m</button>[39m
        [36m</div>[39m
      [36m</div>[39m
    [36m</div>[39m
  [36m</div>[39m
[36m</body>[39m

Ignored nodes: comments, script, style
[36m<html>[39m
  [36m<head />[39m
  [36m<body>[39m
    [36m<div>[39m
      [36m<div[39m
        [33mstyle[39m=[32m"width: 100vw; height: 100vh; background: radial-gradient(at 20% 50%, rgb(13, 27, 42) 0%, rgb(10, 
14, 26) 60%, rgb(0, 5, 16) 100%); display: flex; flex-direction: column; overflow: hidden; touch-action: none; font-family: 
\"Segoe UI\", system-ui, sans-serif; position: fixed; top: 0px; left: 0px; right: 0px; bottom: 0px; box-sizing: border-box;"[39m
      [36m>[39m
        [36m<div[39m
          [33mstyle[39m=[32m"position: absolute; inset: 0px; background-image: radial-gradient(1px 1px at 10% 20%, rgba(255, 
255, 255, 0.6) 0%, transparent 100%), radial-gradient(1px 1px at 25% 75%, rgba(255, 255, 255, 0.4) 0%, transparent 100%), 
radial-gradient(1px 1px at 40% 35%, rgba(255, 255, 255, 0.7) 0%, transparent 100%), radial-gradient(1px 1px at 55% 60%, 
rgba(255, 255, 255, 0.3) 0%, transparent 100%), radial-gradient(1px 1px at 65% 15%, rgba(255, 255, 255, 0.5) 0%, transparent 
100%), radial-gradient(1px 1px at 75% 85%, rgba(255, 255, 255, 0.6) 0%, transparent 100%), radial-gradient(1px 1px at 85% 40%, 
rgba(255, 255, 255, 0.4) 0%, transparent 100%), radial-gradient(1px 1px at 90% 70%, rgba(255, 255, 255, 0.5) 0%, transparent 
100%), radial-gradient(1px 1px at 15% 90%, rgba(255, 255, 255, 0.3) 0%, transparent 100%), radial-gradient(1px 1px at 50% 10%, 
rgba(255, 255, 255, 0.6) 0%, transparent 100%), radial-gradient(2px 2px at 30% 50%, rgba(255, 255, 255, 0.2) 0%, transparent 
100%), radial-gradient(2px 2px at 70% 30%, rgba(255, 255, 255, 0.15) 0%, transparent 100%); pointer-events: none; z-index: 
0;"[39m
        [36m/>[39m
        [36m<div[39m
          [33mstyle[39m=[32m"position: relative; z-index: 1; display: flex; flex-direction: column; padding: 5vw; gap: 2vh; 
overflow-y: auto; flex: 1 1 0%;"[39m
        [36m>[39m
          [36m<h1[39m
            [33mstyle[39m=[32m"color: rgb(255, 255, 255); font-weight: 300; letter-spacing: 0.1em; margin: 0px;"[39m
          [36m>[39m
            [0mSelect Base[0m
          [36m</h1>[39m
          [36m<div[39m
            [33mstyle[39m=[32m"width: 100%; display: flex; flex-direction: row; gap: 2vw; align-items: flex-end;"[39m
          [36m>[39m
            [36m<div[39m
              [33mstyle[39m=[32m"flex: 1 1 0%; display: flex; flex-direction: row; align-items: center; gap: 1vw;"[39m
            [36m>[39m
              [36m<label[39m
                [33mstyle[39m=[32m"color: rgb(168, 168, 179); font-weight: 300; letter-spacing: 0.08em; white-space: nowrap; 
flex-shrink: 0;"[39m
              [36m>[39m
                [0mSet[0m
              [36m</label>[39m
              [36m<select[39m
                [33mstyle[39m=[32m"flex: 1 1 0%; padding: 1.5vh 2vw; font-weight: 300; background: transparent; border: 2px 
solid rgb(79, 195, 247); border-radius: 12px; color: rgb(107, 114, 128); outline: none; box-sizing: border-box; box-shadow: 0 0 
12px rgba(79, 195, 247, 0.3); -webkit-appearance: none; cursor: pointer; opacity: 1; width: 100%;"[39m
              [36m>[39m
                [36m<option[39m
                  [33mdisabled[39m=[32m""[39m
                  [33mstyle[39m=[32m"color: rgb(107, 114, 128); background: rgb(10, 14, 26);"[39m
                  [33mvalue[39m=[32m""[39m
                [36m>[39m
                  [0mSet[0m
                [36m</option>[39m
                [36m<option[39m
                  [33mstyle[39m=[32m"color: rgb(255, 255, 255); background: rgb(10, 14, 26);"[39m
                  [33mvalue[39m=[32m"SOR"[39m
                [36m>[39m
                  [0mSOR[0m
                [36m</option>[39m
              [36m</select>[39m
            [36m</div>[39m
            [36m<div[39m
              [33mstyle[39m=[32m"flex: 2 1 0%; display: flex; flex-direction: row; align-items: center; gap: 1vw;"[39m
            [36m>[39m
              [36m<label[39m
                [33mstyle[39m=[32m"color: rgb(168, 168, 179); font-weight: 300; letter-spacing: 0.08em; white-space: nowrap; 
flex-shrink: 0;"[39m
              [36m>[39m
                [0mAspect[0m
              [36m</label>[39m
              [36m<select[39m
                [33mdisabled[39m=[32m""[39m
                [33mstyle[39m=[32m"flex: 1 1 0%; padding: 1.5vh 2vw; font-weight: 300; background: transparent; border: 2px 
solid rgb(79, 195, 247); border-radius: 12px; color: rgb(107, 114, 128); outline: none; box-sizing: border-box; box-shadow: 0 0 
12px rgba(79, 195, 247, 0.3); -webkit-appearance: none; cursor: not-allowed; opacity: 0.4; width: 100%;"[39m
              [36m>[39m
                [36m<option[39m
                  [33mdisabled[39m=[32m""[39m
                  [33mstyle[39m=[32m"color: rgb(107, 114, 128); background: rgb(10, 14, 26);"[39m
                  [33mvalue[39m=[32m""[39m
                [36m>[39m
                  [0mAspect[0m
                [36m</option>[39m
              [36m</select>[39m
            [36m</div>[39m
          [36m</div>[39m
          [36m<div[39m
            [33mstyle[39m=[32m"width: 100%; display: flex; flex-direction: row; align-items: stretch; gap: 2vw;"[39m
          [36m>[39m
            [36m<select[39m
              [33mdisabled[39m=[32m""[39m
              [33mstyle[39m=[32m"flex: 1 1 0%; padding: 1.5vh 2vw; font-weight: 300; background: transparent; border: 2px 
solid rgb(79, 195, 247); border-radius: 12px; color: rgb(107, 114, 128); outline: none; box-sizing: border-box; box-shadow: 0 0 
12px rgba(79, 195, 247, 0.3); -webkit-appearance: none; cursor: not-allowed; opacity: 0.4; width: 100%;"[39m
            [36m>[39m
              [36m<option[39m
                [33mdisabled[39m=[32m""[39m
                [33mstyle[39m=[32m"color: rgb(107, 114, 128); background: rgb(10, 14, 26);"[39m
                [33mvalue[39m=[32m""[39m
              [36m>[39m
                [0mBase[0m
              [36m</option>[39m
            [36m</select>[39m
            [36m<button[39m
              [33mdisabled[39m=[32m""[39m
              [33mstyle[39m=[32m"width: 12vw; height: 12vw; min-width: 44px; min-height: 44px; flex-shrink: 0; padding: 0px; 
font-weight: 300; background: transparent; color: rgb(255, 255, 255); border: 2px solid rgb(255, 255, 255); border-radius: 12px; 
cursor: not-allowed; box-shadow: 0 0 12px rgba(255, 255, 255, 0.2); display: flex; align-items: center; justify-content: center; 
opacity: 0.4;"[39m
            [36m>[39m
              [0m&gt;[0m
            [36m</button>[39m
          [36m</div>[39m
        [36m</div>[39m
      [36m</div>[39m
    [36m</div>[39m
  [36m</body>[39m
[36m</html>[39m
[90m [2mΓ¥»[22m waitForWrapper node_modules/@testing-library/dom/dist/wait-for.js:[2m163:27[22m[39m
[36m [2mΓ¥»[22m src/test/App.test.tsx:[2m98:11[22m[39m
    [90m 96|[39m     [35mconst[39m user [33m=[39m userEvent[33m.[39m[34msetup[39m()
    [90m 97|[39m     [34mrender[39m([33m<[39m[33mApp[39m [33m/[39m[33m>[39m)
    [90m 98|[39m     await waitFor(() => expect(screen.getByRole('combobox')).toBeInTheΓÇª
    [90m   |[39m           [31m^[39m
    [90m 99|[39m     [35mawait[39m 
user[33m.[39m[34mselectOptions[39m(screen[33m.[39m[34mgetByRole[39m([32m'combobox'[39m)[33m,[39m [32m'SOR-022'[39m)
    [90m100|[39m     [35mawait[39m user[33m.[39m[34mclick[39m(screen[33m.[39m[34mgetByText[39m([32m'>'[39m))

[31m[2mΓÄ»ΓÄ»ΓÄ»ΓÄ»ΓÄ»ΓÄ»ΓÄ»ΓÄ»ΓÄ»ΓÄ»ΓÄ»ΓÄ»ΓÄ»ΓÄ»ΓÄ»ΓÄ»ΓÄ»ΓÄ»ΓÄ»ΓÄ»ΓÄ»ΓÄ»ΓÄ»ΓÄ»[2/5]ΓÄ»[22m[39m

[41m[1m FAIL [22m[49m src/test/App.test.tsx[2m > [22mApp[2m > [22mDoes not navigate to game screen if no base is selected
[31m[1mTestingLibraryElementError[22m[39m: Found multiple elements with the role "combobox"

Here are the matching elements:

Ignored nodes: comments, script, style
[36m<select[39m
  [33mstyle[39m=[32m"flex: 1 1 0%; padding: 1.5vh 2vw; font-weight: 300; background: transparent; border: 2px solid rgb(79, 
195, 247); border-radius: 12px; color: rgb(107, 114, 128); outline: none; box-sizing: border-box; box-shadow: 0 0 12px rgba(79, 
195, 247, 0.3); -webkit-appearance: none; cursor: pointer; opacity: 1; width: 100%;"[39m
[36m>[39m
  [36m<option[39m
    [33mdisabled[39m=[32m""[39m
    [33mstyle[39m=[32m"color: rgb(107, 114, 128); background: rgb(10, 14, 26);"[39m
    [33mvalue[39m=[32m""[39m
  [36m>[39m
    [0mSet[0m
  [36m</option>[39m
  [36m<option[39m
    [33mstyle[39m=[32m"color: rgb(255, 255, 255); background: rgb(10, 14, 26);"[39m
    [33mvalue[39m=[32m"SOR"[39m
  [36m>[39m
    [0mSOR[0m
  [36m</option>[39m
[36m</select>[39m

Ignored nodes: comments, script, style
[36m<select[39m
  [33mdisabled[39m=[32m""[39m
  [33mstyle[39m=[32m"flex: 1 1 0%; padding: 1.5vh 2vw; font-weight: 300; background: transparent; border: 2px solid rgb(79, 
195, 247); border-radius: 12px; color: rgb(107, 114, 128); outline: none; box-sizing: border-box; box-shadow: 0 0 12px rgba(79, 
195, 247, 0.3); -webkit-appearance: none; cursor: not-allowed; opacity: 0.4; width: 100%;"[39m
[36m>[39m
  [36m<option[39m
    [33mdisabled[39m=[32m""[39m
    [33mstyle[39m=[32m"color: rgb(107, 114, 128); background: rgb(10, 14, 26);"[39m
    [33mvalue[39m=[32m""[39m
  [36m>[39m
    [0mAspect[0m
  [36m</option>[39m
[36m</select>[39m

Ignored nodes: comments, script, style
[36m<select[39m
  [33mdisabled[39m=[32m""[39m
  [33mstyle[39m=[32m"flex: 1 1 0%; padding: 1.5vh 2vw; font-weight: 300; background: transparent; border: 2px solid rgb(79, 
195, 247); border-radius: 12px; color: rgb(107, 114, 128); outline: none; box-sizing: border-box; box-shadow: 0 0 12px rgba(79, 
195, 247, 0.3); -webkit-appearance: none; cursor: not-allowed; opacity: 0.4; width: 100%;"[39m
[36m>[39m
  [36m<option[39m
    [33mdisabled[39m=[32m""[39m
    [33mstyle[39m=[32m"color: rgb(107, 114, 128); background: rgb(10, 14, 26);"[39m
    [33mvalue[39m=[32m""[39m
  [36m>[39m
    [0mBase[0m
  [36m</option>[39m
[36m</select>[39m

(If this is intentional, then use the `*AllBy*` variant of the query (like `queryAllByText`, `getAllByText`, or 
`findAllByText`)).

Ignored nodes: comments, script, style
[36m<body>[39m
  [36m<div>[39m
    [36m<div[39m
      [33mstyle[39m=[32m"width: 100vw; height: 100vh; background: radial-gradient(at 20% 50%, rgb(13, 27, 42) 0%, rgb(10, 14, 
26) 60%, rgb(0, 5, 16) 100%); display: flex; flex-direction: column; overflow: hidden; touch-action: none; font-family: \"Segoe 
UI\", system-ui, sans-serif; position: fixed; top: 0px; left: 0px; right: 0px; bottom: 0px; box-sizing: border-box;"[39m
    [36m>[39m
      [36m<div[39m
        [33mstyle[39m=[32m"position: absolute; inset: 0px; background-image: radial-gradient(1px 1px at 10% 20%, rgba(255, 
255, 255, 0.6) 0%, transparent 100%), radial-gradient(1px 1px at 25% 75%, rgba(255, 255, 255, 0.4) 0%, transparent 100%), 
radial-gradient(1px 1px at 40% 35%, rgba(255, 255, 255, 0.7) 0%, transparent 100%), radial-gradient(1px 1px at 55% 60%, 
rgba(255, 255, 255, 0.3) 0%, transparent 100%), radial-gradient(1px 1px at 65% 15%, rgba(255, 255, 255, 0.5) 0%, transparent 
100%), radial-gradient(1px 1px at 75% 85%, rgba(255, 255, 255, 0.6) 0%, transparent 100%), radial-gradient(1px 1px at 85% 40%, 
rgba(255, 255, 255, 0.4) 0%, transparent 100%), radial-gradient(1px 1px at 90% 70%, rgba(255, 255, 255, 0.5) 0%, transparent 
100%), radial-gradient(1px 1px at 15% 90%, rgba(255, 255, 255, 0.3) 0%, transparent 100%), radial-gradient(1px 1px at 50% 10%, 
rgba(255, 255, 255, 0.6) 0%, transparent 100%), radial-gradient(2px 2px at 30% 50%, rgba(255, 255, 255, 0.2) 0%, transparent 
100%), radial-gradient(2px 2px at 70% 30%, rgba(255, 255, 255, 0.15) 0%, transparent 100%); pointer-events: none; z-index: 
0;"[39m
      [36m/>[39m
      [36m<div[39m
        [33mstyle[39m=[32m"position: relative; z-index: 1; display: flex; flex-direction: column; padding: 5vw; gap: 2vh; 
overflow-y: auto; flex: 1 1 0%;"[39m
      [36m>[39m
        [36m<h1[39m
          [33mstyle[39m=[32m"color: rgb(255, 255, 255); font-weight: 300; letter-spacing: 0.1em; margin: 0px;"[39m
        [36m>[39m
          [0mSelect Base[0m
        [36m</h1>[39m
        [36m<div[39m
          [33mstyle[39m=[32m"width: 100%; display: flex; flex-direction: row; gap: 2vw; align-items: flex-end;"[39m
        [36m>[39m
          [36m<div[39m
            [33mstyle[39m=[32m"flex: 1 1 0%; display: flex; flex-direction: row; align-items: center; gap: 1vw;"[39m
          [36m>[39m
            [36m<label[39m
              [33mstyle[39m=[32m"color: rgb(168, 168, 179); font-weight: 300; letter-spacing: 0.08em; white-space: nowrap; 
flex-shrink: 0;"[39m
            [36m>[39m
              [0mSet[0m
            [36m</label>[39m
            [36m<select[39m
              [33mstyle[39m=[32m"flex: 1 1 0%; padding: 1.5vh 2vw; font-weight: 300; background: transparent; border: 2px 
solid rgb(79, 195, 247); border-radius: 12px; color: rgb(107, 114, 128); outline: none; box-sizing: border-box; box-shadow: 0 0 
12px rgba(79, 195, 247, 0.3); -webkit-appearance: none; cursor: pointer; opacity: 1; width: 100%;"[39m
            [36m>[39m
              [36m<option[39m
                [33mdisabled[39m=[32m""[39m
                [33mstyle[39m=[32m"color: rgb(107, 114, 128); background: rgb(10, 14, 26);"[39m
                [33mvalue[39m=[32m""[39m
              [36m>[39m
                [0mSet[0m
              [36m</option>[39m
              [36m<option[39m
                [33mstyle[39m=[32m"color: rgb(255, 255, 255); background: rgb(10, 14, 26);"[39m
                [33mvalue[39m=[32m"SOR"[39m
              [36m>[39m
                [0mSOR[0m
              [36m</option>[39m
            [36m</select>[39m
          [36m</div>[39m
          [36m<div[39m
            [33mstyle[39m=[32m"flex: 2 1 0%; display: flex; flex-direction: row; align-items: center; gap: 1vw;"[39m
          [36m>[39m
            [36m<label[39m
              [33mstyle[39m=[32m"color: rgb(168, 168, 179); font-weight: 300; letter-spacing: 0.08em; white-space: nowrap; 
flex-shrink: 0;"[39m
            [36m>[39m
              [0mAspect[0m
            [36m</label>[39m
            [36m<select[39m
              [33mdisabled[39m=[32m""[39m
              [33mstyle[39m=[32m"flex: 1 1 0%; padding: 1.5vh 2vw; font-weight: 300; background: transparent; border: 2px 
solid rgb(79, 195, 247); border-radius: 12px; color: rgb(107, 114, 128); outline: none; box-sizing: border-box; box-shadow: 0 0 
12px rgba(79, 195, 247, 0.3); -webkit-appearance: none; cursor: not-allowed; opacity: 0.4; width: 100%;"[39m
            [36m>[39m
              [36m<option[39m
                [33mdisabled[39m=[32m""[39m
                [33mstyle[39m=[32m"color: rgb(107, 114, 128); background: rgb(10, 14, 26);"[39m
                [33mvalue[39m=[32m""[39m
              [36m>[39m
                [0mAspect[0m
              [36m</option>[39m
            [36m</select>[39m
          [36m</div>[39m
        [36m</div>[39m
        [36m<div[39m
          [33mstyle[39m=[32m"width: 100%; display: flex; flex-direction: row; align-items: stretch; gap: 2vw;"[39m
        [36m>[39m
          [36m<select[39m
            [33mdisabled[39m=[32m""[39m
            [33mstyle[39m=[32m"flex: 1 1 0%; padding: 1.5vh 2vw; font-weight: 300; background: transparent; border: 2px solid 
rgb(79, 195, 247); border-radius: 12px; color: rgb(107, 114, 128); outline: none; box-sizing: border-box; box-shadow: 0 0 12px 
rgba(79, 195, 247, 0.3); -webkit-appearance: none; cursor: not-allowed; opacity: 0.4; width: 100%;"[39m
          [36m>[39m
            [36m<option[39m
              [33mdisabled[39m=[32m""[39m
              [33mstyle[39m=[32m"color: rgb(107, 114, 128); background: rgb(10, 14, 26);"[39m
              [33mvalue[39m=[32m""[39m
            [36m>[39m
              [0mBase[0m
            [36m</option>[39m
          [36m</select>[39m
          [36m<button[39m
            [33mdisabled[39m=[32m""[39m
            [33mstyle[39m=[32m"width: 12vw; height: 12vw; min-width: 44px; min-height: 44px; flex-shrink: 0; padding: 0px; 
font-weight: 300; background: transparent; color: rgb(255, 255, 255); border: 2px solid rgb(255, 255, 255); border-radius: 12px; 
cursor: not-allowed; box-shadow: 0 0 12px rgba(255, 255, 255, 0.2); display: flex; align-items: center; justify-content: center; 
opacity: 0.4;"[39m
          [36m>[39m
            [0m&gt;[0m
          [36m</button>[39m
        [36m</div>[39m
      [36m</div>[39m
    [36m</div>[39m
  [36m</div>[39m
[36m</body>[39m

Ignored nodes: comments, script, style
[36m<html>[39m
  [36m<head />[39m
  [36m<body>[39m
    [36m<div>[39m
      [36m<div[39m
        [33mstyle[39m=[32m"width: 100vw; height: 100vh; background: radial-gradient(at 20% 50%, rgb(13, 27, 42) 0%, rgb(10, 
14, 26) 60%, rgb(0, 5, 16) 100%); display: flex; flex-direction: column; overflow: hidden; touch-action: none; font-family: 
\"Segoe UI\", system-ui, sans-serif; position: fixed; top: 0px; left: 0px; right: 0px; bottom: 0px; box-sizing: border-box;"[39m
      [36m>[39m
        [36m<div[39m
          [33mstyle[39m=[32m"position: absolute; inset: 0px; background-image: radial-gradient(1px 1px at 10% 20%, rgba(255, 
255, 255, 0.6) 0%, transparent 100%), radial-gradient(1px 1px at 25% 75%, rgba(255, 255, 255, 0.4) 0%, transparent 100%), 
radial-gradient(1px 1px at 40% 35%, rgba(255, 255, 255, 0.7) 0%, transparent 100%), radial-gradient(1px 1px at 55% 60%, 
rgba(255, 255, 255, 0.3) 0%, transparent 100%), radial-gradient(1px 1px at 65% 15%, rgba(255, 255, 255, 0.5) 0%, transparent 
100%), radial-gradient(1px 1px at 75% 85%, rgba(255, 255, 255, 0.6) 0%, transparent 100%), radial-gradient(1px 1px at 85% 40%, 
rgba(255, 255, 255, 0.4) 0%, transparent 100%), radial-gradient(1px 1px at 90% 70%, rgba(255, 255, 255, 0.5) 0%, transparent 
100%), radial-gradient(1px 1px at 15% 90%, rgba(255, 255, 255, 0.3) 0%, transparent 100%), radial-gradient(1px 1px at 50% 10%, 
rgba(255, 255, 255, 0.6) 0%, transparent 100%), radial-gradient(2px 2px at 30% 50%, rgba(255, 255, 255, 0.2) 0%, transparent 
100%), radial-gradient(2px 2px at 70% 30%, rgba(255, 255, 255, 0.15) 0%, transparent 100%); pointer-events: none; z-index: 
0;"[39m
        [36m/>[39m
        [36m<div[39m
          [33mstyle[39m=[32m"position: relative; z-index: 1; display: flex; flex-direction: column; padding: 5vw; gap: 2vh; 
overflow-y: auto; flex: 1 1 0%;"[39m
        [36m>[39m
          [36m<h1[39m
            [33mstyle[39m=[32m"color: rgb(255, 255, 255); font-weight: 300; letter-spacing: 0.1em; margin: 0px;"[39m
          [36m>[39m
            [0mSelect Base[0m
          [36m</h1>[39m
          [36m<div[39m
            [33mstyle[39m=[32m"width: 100%; display: flex; flex-direction: row; gap: 2vw; align-items: flex-end;"[39m
          [36m>[39m
            [36m<div[39m
              [33mstyle[39m=[32m"flex: 1 1 0%; display: flex; flex-direction: row; align-items: center; gap: 1vw;"[39m
            [36m>[39m
              [36m<label[39m
                [33mstyle[39m=[32m"color: rgb(168, 168, 179); font-weight: 300; letter-spacing: 0.08em; white-space: nowrap; 
flex-shrink: 0;"[39m
              [36m>[39m
                [0mSet[0m
              [36m</label>[39m
              [36m<select[39m
                [33mstyle[39m=[32m"flex: 1 1 0%; padding: 1.5vh 2vw; font-weight: 300; background: transparent; border: 2px 
solid rgb(79, 195, 247); border-radius: 12px; color: rgb(107, 114, 128); outline: none; box-sizing: border-box; box-shadow: 0 0 
12px rgba(79, 195, 247, 0.3); -webkit-appearance: none; cursor: pointer; opacity: 1; width: 100%;"[39m
              [36m>[39m
                [36m<option[39m
                  [33mdisabled[39m=[32m""[39m
                  [33mstyle[39m=[32m"color: rgb(107, 114, 128); background: rgb(10, 14, 26);"[39m
                  [33mvalue[39m=[32m""[39m
                [36m>[39m
                  [0mSet[0m
                [36m</option>[39m
                [36m<option[39m
                  [33mstyle[39m=[32m"color: rgb(255, 255, 255); background: rgb(10, 14, 26);"[39m
                  [33mvalue[39m=[32m"SOR"[39m
                [36m>[39m
                  [0mSOR[0m
                [36m</option>[39m
              [36m</select>[39m
            [36m</div>[39m
            [36m<div[39m
              [33mstyle[39m=[32m"flex: 2 1 0%; display: flex; flex-direction: row; align-items: center; gap: 1vw;"[39m
            [36m>[39m
              [36m<label[39m
                [33mstyle[39m=[32m"color: rgb(168, 168, 179); font-weight: 300; letter-spacing: 0.08em; white-space: nowrap; 
flex-shrink: 0;"[39m
              [36m>[39m
                [0mAspect[0m
              [36m</label>[39m
              [36m<select[39m
                [33mdisabled[39m=[32m""[39m
                [33mstyle[39m=[32m"flex: 1 1 0%; padding: 1.5vh 2vw; font-weight: 300; background: transparent; border: 2px 
solid rgb(79, 195, 247); border-radius: 12px; color: rgb(107, 114, 128); outline: none; box-sizing: border-box; box-shadow: 0 0 
12px rgba(79, 195, 247, 0.3); -webkit-appearance: none; cursor: not-allowed; opacity: 0.4; width: 100%;"[39m
              [36m>[39m
                [36m<option[39m
                  [33mdisabled[39m=[32m""[39m
                  [33mstyle[39m=[32m"color: rgb(107, 114, 128); background: rgb(10, 14, 26);"[39m
                  [33mvalue[39m=[32m""[39m
                [36m>[39m
                  [0mAspect[0m
                [36m</option>[39m
              [36m</select>[39m
            [36m</div>[39m
          [36m</div>[39m
          [36m<div[39m
            [33mstyle[39m=[32m"width: 100%; display: flex; flex-direction: row; align-items: stretch; gap: 2vw;"[39m
          [36m>[39m
            [36m<select[39m
              [33mdisabled[39m=[32m""[39m
              [33mstyle[39m=[32m"flex: 1 1 0%; padding: 1.5vh 2vw; font-weight: 300; background: transparent; border: 2px 
solid rgb(79, 195, 247); border-radius: 12px; color: rgb(107, 114, 128); outline: none; box-sizing: border-box; box-shadow: 0 0 
12px rgba(79, 195, 247, 0.3); -webkit-appearance: none; cursor: not-allowed; opacity: 0.4; width: 100%;"[39m
            [36m>[39m
              [36m<option[39m
                [33mdisabled[39m=[32m""[39m
                [33mstyle[39m=[32m"color: rgb(107, 114, 128); background: rgb(10, 14, 26);"[39m
                [33mvalue[39m=[32m""[39m
              [36m>[39m
                [0mBase[0m
              [36m</option>[39m
            [36m</select>[39m
            [36m<button[39m
              [33mdisabled[39m=[32m""[39m
              [33mstyle[39m=[32m"width: 12vw; height: 12vw; min-width: 44px; min-height: 44px; flex-shrink: 0; padding: 0px; 
font-weight: 300; background: transparent; color: rgb(255, 255, 255); border: 2px solid rgb(255, 255, 255); border-radius: 12px; 
cursor: not-allowed; box-shadow: 0 0 12px rgba(255, 255, 255, 0.2); display: flex; align-items: center; justify-content: center; 
opacity: 0.4;"[39m
            [36m>[39m
              [0m&gt;[0m
            [36m</button>[39m
          [36m</div>[39m
        [36m</div>[39m
      [36m</div>[39m
    [36m</div>[39m
  [36m</body>[39m
[36m</html>[39m
[90m [2mΓ¥»[22m waitForWrapper node_modules/@testing-library/dom/dist/wait-for.js:[2m163:27[22m[39m
[36m [2mΓ¥»[22m src/test/App.test.tsx:[2m107:11[22m[39m
    [90m105|[39m     [35mconst[39m user [33m=[39m userEvent[33m.[39m[34msetup[39m()
    [90m106|[39m     [34mrender[39m([33m<[39m[33mApp[39m [33m/[39m[33m>[39m)
    [90m107|[39m     await waitFor(() => expect(screen.getByRole('combobox')).toBeInTheΓÇª
    [90m   |[39m           [31m^[39m
    [90m108|[39m     [35mawait[39m user[33m.[39m[34mclick[39m(screen[33m.[39m[34mgetByText[39m([32m'>'[39m))
    [90m109|[39m     [34mexpect[39m(screen[33m.[39m[34mgetByText[39m([32m'Select 
Base'[39m))[33m.[39m[34mtoBeInTheDocument[39m()

[31m[2mΓÄ»ΓÄ»ΓÄ»ΓÄ»ΓÄ»ΓÄ»ΓÄ»ΓÄ»ΓÄ»ΓÄ»ΓÄ»ΓÄ»ΓÄ»ΓÄ»ΓÄ»ΓÄ»ΓÄ»ΓÄ»ΓÄ»ΓÄ»ΓÄ»ΓÄ»ΓÄ»ΓÄ»[3/5]ΓÄ»[22m[39m

[41m[1m FAIL [22m[49m src/test/App.test.tsx[2m > [22mApp[2m > [22mClicking back from game screen returns to setup screen
[31m[1mTestingLibraryElementError[22m[39m: Found multiple elements with the role "combobox"

Here are the matching elements:

Ignored nodes: comments, script, style
[36m<select[39m
  [33mstyle[39m=[32m"flex: 1 1 0%; padding: 1.5vh 2vw; font-weight: 300; background: transparent; border: 2px solid rgb(79, 
195, 247); border-radius: 12px; color: rgb(107, 114, 128); outline: none; box-sizing: border-box; box-shadow: 0 0 12px rgba(79, 
195, 247, 0.3); -webkit-appearance: none; cursor: pointer; opacity: 1; width: 100%;"[39m
[36m>[39m
  [36m<option[39m
    [33mdisabled[39m=[32m""[39m
    [33mstyle[39m=[32m"color: rgb(107, 114, 128); background: rgb(10, 14, 26);"[39m
    [33mvalue[39m=[32m""[39m
  [36m>[39m
    [0mSet[0m
  [36m</option>[39m
  [36m<option[39m
    [33mstyle[39m=[32m"color: rgb(255, 255, 255); background: rgb(10, 14, 26);"[39m
    [33mvalue[39m=[32m"SOR"[39m
  [36m>[39m
    [0mSOR[0m
  [36m</option>[39m
[36m</select>[39m

Ignored nodes: comments, script, style
[36m<select[39m
  [33mdisabled[39m=[32m""[39m
  [33mstyle[39m=[32m"flex: 1 1 0%; padding: 1.5vh 2vw; font-weight: 300; background: transparent; border: 2px solid rgb(79, 
195, 247); border-radius: 12px; color: rgb(107, 114, 128); outline: none; box-sizing: border-box; box-shadow: 0 0 12px rgba(79, 
195, 247, 0.3); -webkit-appearance: none; cursor: not-allowed; opacity: 0.4; width: 100%;"[39m
[36m>[39m
  [36m<option[39m
    [33mdisabled[39m=[32m""[39m
    [33mstyle[39m=[32m"color: rgb(107, 114, 128); background: rgb(10, 14, 26);"[39m
    [33mvalue[39m=[32m""[39m
  [36m>[39m
    [0mAspect[0m
  [36m</option>[39m
[36m</select>[39m

Ignored nodes: comments, script, style
[36m<select[39m
  [33mdisabled[39m=[32m""[39m
  [33mstyle[39m=[32m"flex: 1 1 0%; padding: 1.5vh 2vw; font-weight: 300; background: transparent; border: 2px solid rgb(79, 
195, 247); border-radius: 12px; color: rgb(107, 114, 128); outline: none; box-sizing: border-box; box-shadow: 0 0 12px rgba(79, 
195, 247, 0.3); -webkit-appearance: none; cursor: not-allowed; opacity: 0.4; width: 100%;"[39m
[36m>[39m
  [36m<option[39m
    [33mdisabled[39m=[32m""[39m
    [33mstyle[39m=[32m"color: rgb(107, 114, 128); background: rgb(10, 14, 26);"[39m
    [33mvalue[39m=[32m""[39m
  [36m>[39m
    [0mBase[0m
  [36m</option>[39m
[36m</select>[39m

(If this is intentional, then use the `*AllBy*` variant of the query (like `queryAllByText`, `getAllByText`, or 
`findAllByText`)).

Ignored nodes: comments, script, style
[36m<body>[39m
  [36m<div>[39m
    [36m<div[39m
      [33mstyle[39m=[32m"width: 100vw; height: 100vh; background: radial-gradient(at 20% 50%, rgb(13, 27, 42) 0%, rgb(10, 14, 
26) 60%, rgb(0, 5, 16) 100%); display: flex; flex-direction: column; overflow: hidden; touch-action: none; font-family: \"Segoe 
UI\", system-ui, sans-serif; position: fixed; top: 0px; left: 0px; right: 0px; bottom: 0px; box-sizing: border-box;"[39m
    [36m>[39m
      [36m<div[39m
        [33mstyle[39m=[32m"position: absolute; inset: 0px; background-image: radial-gradient(1px 1px at 10% 20%, rgba(255, 
255, 255, 0.6) 0%, transparent 100%), radial-gradient(1px 1px at 25% 75%, rgba(255, 255, 255, 0.4) 0%, transparent 100%), 
radial-gradient(1px 1px at 40% 35%, rgba(255, 255, 255, 0.7) 0%, transparent 100%), radial-gradient(1px 1px at 55% 60%, 
rgba(255, 255, 255, 0.3) 0%, transparent 100%), radial-gradient(1px 1px at 65% 15%, rgba(255, 255, 255, 0.5) 0%, transparent 
100%), radial-gradient(1px 1px at 75% 85%, rgba(255, 255, 255, 0.6) 0%, transparent 100%), radial-gradient(1px 1px at 85% 40%, 
rgba(255, 255, 255, 0.4) 0%, transparent 100%), radial-gradient(1px 1px at 90% 70%, rgba(255, 255, 255, 0.5) 0%, transparent 
100%), radial-gradient(1px 1px at 15% 90%, rgba(255, 255, 255, 0.3) 0%, transparent 100%), radial-gradient(1px 1px at 50% 10%, 
rgba(255, 255, 255, 0.6) 0%, transparent 100%), radial-gradient(2px 2px at 30% 50%, rgba(255, 255, 255, 0.2) 0%, transparent 
100%), radial-gradient(2px 2px at 70% 30%, rgba(255, 255, 255, 0.15) 0%, transparent 100%); pointer-events: none; z-index: 
0;"[39m
      [36m/>[39m
      [36m<div[39m
        [33mstyle[39m=[32m"position: relative; z-index: 1; display: flex; flex-direction: column; padding: 5vw; gap: 2vh; 
overflow-y: auto; flex: 1 1 0%;"[39m
      [36m>[39m
        [36m<h1[39m
          [33mstyle[39m=[32m"color: rgb(255, 255, 255); font-weight: 300; letter-spacing: 0.1em; margin: 0px;"[39m
        [36m>[39m
          [0mSelect Base[0m
        [36m</h1>[39m
        [36m<div[39m
          [33mstyle[39m=[32m"width: 100%; display: flex; flex-direction: row; gap: 2vw; align-items: flex-end;"[39m
        [36m>[39m
          [36m<div[39m
            [33mstyle[39m=[32m"flex: 1 1 0%; display: flex; flex-direction: row; align-items: center; gap: 1vw;"[39m
          [36m>[39m
            [36m<label[39m
              [33mstyle[39m=[32m"color: rgb(168, 168, 179); font-weight: 300; letter-spacing: 0.08em; white-space: nowrap; 
flex-shrink: 0;"[39m
            [36m>[39m
              [0mSet[0m
            [36m</label>[39m
            [36m<select[39m
              [33mstyle[39m=[32m"flex: 1 1 0%; padding: 1.5vh 2vw; font-weight: 300; background: transparent; border: 2px 
solid rgb(79, 195, 247); border-radius: 12px; color: rgb(107, 114, 128); outline: none; box-sizing: border-box; box-shadow: 0 0 
12px rgba(79, 195, 247, 0.3); -webkit-appearance: none; cursor: pointer; opacity: 1; width: 100%;"[39m
            [36m>[39m
              [36m<option[39m
                [33mdisabled[39m=[32m""[39m
                [33mstyle[39m=[32m"color: rgb(107, 114, 128); background: rgb(10, 14, 26);"[39m
                [33mvalue[39m=[32m""[39m
              [36m>[39m
                [0mSet[0m
              [36m</option>[39m
              [36m<option[39m
                [33mstyle[39m=[32m"color: rgb(255, 255, 255); background: rgb(10, 14, 26);"[39m
                [33mvalue[39m=[32m"SOR"[39m
              [36m>[39m
                [0mSOR[0m
              [36m</option>[39m
            [36m</select>[39m
          [36m</div>[39m
          [36m<div[39m
            [33mstyle[39m=[32m"flex: 2 1 0%; display: flex; flex-direction: row; align-items: center; gap: 1vw;"[39m
          [36m>[39m
            [36m<label[39m
              [33mstyle[39m=[32m"color: rgb(168, 168, 179); font-weight: 300; letter-spacing: 0.08em; white-space: nowrap; 
flex-shrink: 0;"[39m
            [36m>[39m
              [0mAspect[0m
            [36m</label>[39m
            [36m<select[39m
              [33mdisabled[39m=[32m""[39m
              [33mstyle[39m=[32m"flex: 1 1 0%; padding: 1.5vh 2vw; font-weight: 300; background: transparent; border: 2px 
solid rgb(79, 195, 247); border-radius: 12px; color: rgb(107, 114, 128); outline: none; box-sizing: border-box; box-shadow: 0 0 
12px rgba(79, 195, 247, 0.3); -webkit-appearance: none; cursor: not-allowed; opacity: 0.4; width: 100%;"[39m
            [36m>[39m
              [36m<option[39m
                [33mdisabled[39m=[32m""[39m
                [33mstyle[39m=[32m"color: rgb(107, 114, 128); background: rgb(10, 14, 26);"[39m
                [33mvalue[39m=[32m""[39m
              [36m>[39m
                [0mAspect[0m
              [36m</option>[39m
            [36m</select>[39m
          [36m</div>[39m
        [36m</div>[39m
        [36m<div[39m
          [33mstyle[39m=[32m"width: 100%; display: flex; flex-direction: row; align-items: stretch; gap: 2vw;"[39m
        [36m>[39m
          [36m<select[39m
            [33mdisabled[39m=[32m""[39m
            [33mstyle[39m=[32m"flex: 1 1 0%; padding: 1.5vh 2vw; font-weight: 300; background: transparent; border: 2px solid 
rgb(79, 195, 247); border-radius: 12px; color: rgb(107, 114, 128); outline: none; box-sizing: border-box; box-shadow: 0 0 12px 
rgba(79, 195, 247, 0.3); -webkit-appearance: none; cursor: not-allowed; opacity: 0.4; width: 100%;"[39m
          [36m>[39m
            [36m<option[39m
              [33mdisabled[39m=[32m""[39m
              [33mstyle[39m=[32m"color: rgb(107, 114, 128); background: rgb(10, 14, 26);"[39m
              [33mvalue[39m=[32m""[39m
            [36m>[39m
              [0mBase[0m
            [36m</option>[39m
          [36m</select>[39m
          [36m<button[39m
            [33mdisabled[39m=[32m""[39m
            [33mstyle[39m=[32m"width: 12vw; height: 12vw; min-width: 44px; min-height: 44px; flex-shrink: 0; padding: 0px; 
font-weight: 300; background: transparent; color: rgb(255, 255, 255); border: 2px solid rgb(255, 255, 255); border-radius: 12px; 
cursor: not-allowed; box-shadow: 0 0 12px rgba(255, 255, 255, 0.2); display: flex; align-items: center; justify-content: center; 
opacity: 0.4;"[39m
          [36m>[39m
            [0m&gt;[0m
          [36m</button>[39m
        [36m</div>[39m
      [36m</div>[39m
    [36m</div>[39m
  [36m</div>[39m
[36m</body>[39m

Ignored nodes: comments, script, style
[36m<html>[39m
  [36m<head />[39m
  [36m<body>[39m
    [36m<div>[39m
      [36m<div[39m
        [33mstyle[39m=[32m"width: 100vw; height: 100vh; background: radial-gradient(at 20% 50%, rgb(13, 27, 42) 0%, rgb(10, 
14, 26) 60%, rgb(0, 5, 16) 100%); display: flex; flex-direction: column; overflow: hidden; touch-action: none; font-family: 
\"Segoe UI\", system-ui, sans-serif; position: fixed; top: 0px; left: 0px; right: 0px; bottom: 0px; box-sizing: border-box;"[39m
      [36m>[39m
        [36m<div[39m
          [33mstyle[39m=[32m"position: absolute; inset: 0px; background-image: radial-gradient(1px 1px at 10% 20%, rgba(255, 
255, 255, 0.6) 0%, transparent 100%), radial-gradient(1px 1px at 25% 75%, rgba(255, 255, 255, 0.4) 0%, transparent 100%), 
radial-gradient(1px 1px at 40% 35%, rgba(255, 255, 255, 0.7) 0%, transparent 100%), radial-gradient(1px 1px at 55% 60%, 
rgba(255, 255, 255, 0.3) 0%, transparent 100%), radial-gradient(1px 1px at 65% 15%, rgba(255, 255, 255, 0.5) 0%, transparent 
100%), radial-gradient(1px 1px at 75% 85%, rgba(255, 255, 255, 0.6) 0%, transparent 100%), radial-gradient(1px 1px at 85% 40%, 
rgba(255, 255, 255, 0.4) 0%, transparent 100%), radial-gradient(1px 1px at 90% 70%, rgba(255, 255, 255, 0.5) 0%, transparent 
100%), radial-gradient(1px 1px at 15% 90%, rgba(255, 255, 255, 0.3) 0%, transparent 100%), radial-gradient(1px 1px at 50% 10%, 
rgba(255, 255, 255, 0.6) 0%, transparent 100%), radial-gradient(2px 2px at 30% 50%, rgba(255, 255, 255, 0.2) 0%, transparent 
100%), radial-gradient(2px 2px at 70% 30%, rgba(255, 255, 255, 0.15) 0%, transparent 100%); pointer-events: none; z-index: 
0;"[39m
        [36m/>[39m
        [36m<div[39m
          [33mstyle[39m=[32m"position: relative; z-index: 1; display: flex; flex-direction: column; padding: 5vw; gap: 2vh; 
overflow-y: auto; flex: 1 1 0%;"[39m
        [36m>[39m
          [36m<h1[39m
            [33mstyle[39m=[32m"color: rgb(255, 255, 255); font-weight: 300; letter-spacing: 0.1em; margin: 0px;"[39m
          [36m>[39m
            [0mSelect Base[0m
          [36m</h1>[39m
          [36m<div[39m
            [33mstyle[39m=[32m"width: 100%; display: flex; flex-direction: row; gap: 2vw; align-items: flex-end;"[39m
          [36m>[39m
            [36m<div[39m
              [33mstyle[39m=[32m"flex: 1 1 0%; display: flex; flex-direction: row; align-items: center; gap: 1vw;"[39m
            [36m>[39m
              [36m<label[39m
                [33mstyle[39m=[32m"color: rgb(168, 168, 179); font-weight: 300; letter-spacing: 0.08em; white-space: nowrap; 
flex-shrink: 0;"[39m
              [36m>[39m
                [0mSet[0m
              [36m</label>[39m
              [36m<select[39m
                [33mstyle[39m=[32m"flex: 1 1 0%; padding: 1.5vh 2vw; font-weight: 300; background: transparent; border: 2px 
solid rgb(79, 195, 247); border-radius: 12px; color: rgb(107, 114, 128); outline: none; box-sizing: border-box; box-shadow: 0 0 
12px rgba(79, 195, 247, 0.3); -webkit-appearance: none; cursor: pointer; opacity: 1; width: 100%;"[39m
              [36m>[39m
                [36m<option[39m
                  [33mdisabled[39m=[32m""[39m
                  [33mstyle[39m=[32m"color: rgb(107, 114, 128); background: rgb(10, 14, 26);"[39m
                  [33mvalue[39m=[32m""[39m
                [36m>[39m
                  [0mSet[0m
                [36m</option>[39m
                [36m<option[39m
                  [33mstyle[39m=[32m"color: rgb(255, 255, 255); background: rgb(10, 14, 26);"[39m
                  [33mvalue[39m=[32m"SOR"[39m
                [36m>[39m
                  [0mSOR[0m
                [36m</option>[39m
              [36m</select>[39m
            [36m</div>[39m
            [36m<div[39m
              [33mstyle[39m=[32m"flex: 2 1 0%; display: flex; flex-direction: row; align-items: center; gap: 1vw;"[39m
            [36m>[39m
              [36m<label[39m
                [33mstyle[39m=[32m"color: rgb(168, 168, 179); font-weight: 300; letter-spacing: 0.08em; white-space: nowrap; 
flex-shrink: 0;"[39m
              [36m>[39m
                [0mAspect[0m
              [36m</label>[39m
              [36m<select[39m
                [33mdisabled[39m=[32m""[39m
                [33mstyle[39m=[32m"flex: 1 1 0%; padding: 1.5vh 2vw; font-weight: 300; background: transparent; border: 2px 
solid rgb(79, 195, 247); border-radius: 12px; color: rgb(107, 114, 128); outline: none; box-sizing: border-box; box-shadow: 0 0 
12px rgba(79, 195, 247, 0.3); -webkit-appearance: none; cursor: not-allowed; opacity: 0.4; width: 100%;"[39m
              [36m>[39m
                [36m<option[39m
                  [33mdisabled[39m=[32m""[39m
                  [33mstyle[39m=[32m"color: rgb(107, 114, 128); background: rgb(10, 14, 26);"[39m
                  [33mvalue[39m=[32m""[39m
                [36m>[39m
                  [0mAspect[0m
                [36m</option>[39m
              [36m</select>[39m
            [36m</div>[39m
          [36m</div>[39m
          [36m<div[39m
            [33mstyle[39m=[32m"width: 100%; display: flex; flex-direction: row; align-items: stretch; gap: 2vw;"[39m
          [36m>[39m
            [36m<select[39m
              [33mdisabled[39m=[32m""[39m
              [33mstyle[39m=[32m"flex: 1 1 0%; padding: 1.5vh 2vw; font-weight: 300; background: transparent; border: 2px 
solid rgb(79, 195, 247); border-radius: 12px; color: rgb(107, 114, 128); outline: none; box-sizing: border-box; box-shadow: 0 0 
12px rgba(79, 195, 247, 0.3); -webkit-appearance: none; cursor: not-allowed; opacity: 0.4; width: 100%;"[39m
            [36m>[39m
              [36m<option[39m
                [33mdisabled[39m=[32m""[39m
                [33mstyle[39m=[32m"color: rgb(107, 114, 128); background: rgb(10, 14, 26);"[39m
                [33mvalue[39m=[32m""[39m
              [36m>[39m
                [0mBase[0m

[2m Test Files [22m [1m[31m2 failed[39m[22m[2m | [22m[1m[32m1 passed[39m[22m[90m (3)[39m
[2m      Tests [22m [1m[31m5 failed[39m[22m[2m | [22m[1m[32m47 passed[39m[22m[90m (52)[39m
[2m   Start at [22m 00:06:54
[2m   Duration [22m 6.25s[2m (transform 223ms, setup 328ms, import 901ms, tests 10.27s, environment 2.86s)[22m

              [36m</option>[39m
            [36m</select>[39m
            [36m<button[39m
              [33mdisabled[39m=[32m""[39m
              [33mstyle[39m=[32m"width: 12vw; height: 12vw; min-width: 44px; min-height: 44px; flex-shrink: 0; padding: 0px; 
font-weight: 300; background: transparent; color: rgb(255, 255, 255); border: 2px solid rgb(255, 255, 255); border-radius: 12px; 
cursor: not-allowed; box-shadow: 0 0 12px rgba(255, 255, 255, 0.2); display: flex; align-items: center; justify-content: center; 
opacity: 0.4;"[39m
            [36m>[39m
              [0m&gt;[0m
            [36m</button>[39m
          [36m</div>[39m
        [36m</div>[39m
      [36m</div>[39m
    [36m</div>[39m
  [36m</body>[39m
[36m</html>[39m
[90m [2mΓ¥»[22m waitForWrapper node_modules/@testing-library/dom/dist/wait-for.js:[2m163:27[22m[39m
[36m [2mΓ¥»[22m src/test/App.test.tsx:[2m116:11[22m[39m
    [90m114|[39m     [35mconst[39m user [33m=[39m userEvent[33m.[39m[34msetup[39m()
    [90m115|[39m     [34mrender[39m([33m<[39m[33mApp[39m [33m/[39m[33m>[39m)
    [90m116|[39m     await waitFor(() => expect(screen.getByRole('combobox')).toBeInTheΓÇª
    [90m   |[39m           [31m^[39m
    [90m117|[39m     [35mawait[39m 
user[33m.[39m[34mselectOptions[39m(screen[33m.[39m[34mgetByRole[39m([32m'combobox'[39m)[33m,[39m [32m'SOR-026'[39m)
    [90m118|[39m     [35mawait[39m user[33m.[39m[34mclick[39m(screen[33m.[39m[34mgetByText[39m([32m'>'[39m))

[31m[2mΓÄ»ΓÄ»ΓÄ»ΓÄ»ΓÄ»ΓÄ»ΓÄ»ΓÄ»ΓÄ»ΓÄ»ΓÄ»ΓÄ»ΓÄ»ΓÄ»ΓÄ»ΓÄ»ΓÄ»ΓÄ»ΓÄ»ΓÄ»ΓÄ»ΓÄ»ΓÄ»ΓÄ»[4/5]ΓÄ»[22m[39m

[41m[1m FAIL [22m[49m src/test/swuSetupScreen.test.tsx[2m > [22mSwuSetupScreen[2m > [22mChanging set resets aspect and 
base selections
[31m[1mAssertionError[22m: expected 'LAW-021' to be '' // Object.is equality[39m

[32m- Expected[39m
[31m+ Received[39m

[31m+ LAW-021[39m

[36m [2mΓ¥»[22m src/test/swuSetupScreen.test.tsx:[2m245:77[22m[39m
    [90m243|[39m       expect((screen.getAllByRole('combobox')[1] as HTMLSelectElement)ΓÇª
    [90m244|[39m     })
    [90m245|[39m     expect((screen.getAllByRole('combobox')[2] as HTMLSelectElement).vΓÇª
    [90m   |[39m                                                                             [31m^[39m
    [90m246|[39m   })
    [90m247|[39m

[31m[2mΓÄ»ΓÄ»ΓÄ»ΓÄ»ΓÄ»ΓÄ»ΓÄ»ΓÄ»ΓÄ»ΓÄ»ΓÄ»ΓÄ»ΓÄ»ΓÄ»ΓÄ»ΓÄ»ΓÄ»ΓÄ»ΓÄ»ΓÄ»ΓÄ»ΓÄ»ΓÄ»ΓÄ»[5/5]ΓÄ»[22m[39m

